[2024-01-18 09:14:58]:[INFO] :: [SERVER LISTEN ON TH PORT: 4393]
[2024-01-18 09:15:10]:[INFO] :: [SERVER LISTEN ON THE PORT: 4393]
[2024-02-23 10:50:27]:[INFO] :: [LOGUEADO CORRECTAMENTE!!!]
[2024-02-23 10:50:27]:[ERROR] :: [ERROR INTERNO DEL SERVIDOR: INVALID EXPIRESIN OPTION FOR STRING PAYLOAD]
[2024-02-23 10:53:05]:[INFO] :: [LOGUEADO CORRECTAMENTE!!!]
[2025-04-23 11:41:10]:[INFO] :: [LOGUEADO CORRECTAMENTE!!!]
[2025-05-22 21:41:58]:[INFO] :: [[SERVER] ADMIN USER CREATED SUCCESSFULLY!]
[2025-05-22 21:42:22]:[INFO] :: [[SERVER] 🚀 SERVER RUNNING ON PORT 3495]
[2025-05-22 21:44:01]:[INFO] :: [[SERVER] 🚀 SERVER RUNNING ON PORT 3495]
[2025-05-22 21:55:45]:[ERROR] :: [[SERVER] ADMIN USER ALREADY EXISTS.]
[2025-05-22 21:55:45]:[INFO] :: [[SERVER] 🚀 SERVER RUNNING ON PORT 3495]
[2025-05-22 22:01:50]:[INFO] :: [[SERVER] ADMIN USER CREATED SUCCESSFULLY!]
[2025-05-22 22:01:50]:[INFO] :: [[SERVER] 🚀 SERVER RUNNING ON PORT 3495]
[2025-05-22 22:06:32]:[ERROR] :: [[SERVER] ADMIN USER ALREADY EXISTS.]
[2025-05-22 22:06:32]:[INFO] :: [[SERVER] 🚀 SERVER RUNNING ON PORT 3495]
[2025-05-22 22:06:38]:[ERROR] :: [[SERVER] ADMIN USER ALREADY EXISTS.]
[2025-05-22 22:06:38]:[INFO] :: [[SERVER] 🚀 SERVER RUNNING ON PORT 3495]
[2025-05-22 22:06:48]:[ERROR] :: [[SERVER] ADMIN USER ALREADY EXISTS.]
[2025-05-22 22:06:48]:[INFO] :: [[SERVER] 🚀 SERVER RUNNING ON PORT 3495]
[2025-05-22 22:06:52]:[ERROR] :: [[SERVER] ADMIN USER ALREADY EXISTS.]
[2025-05-22 22:06:52]:[INFO] :: [[SERVER] 🚀 SERVER RUNNING ON PORT 3495]
[2025-05-22 22:07:04]:[ERROR] :: [[SERVER] ADMIN USER ALREADY EXISTS.]
[2025-05-22 22:07:04]:[INFO] :: [[SERVER] 🚀 SERVER RUNNING ON PORT 3495]
[2025-05-22 22:07:09]:[ERROR] :: [[SERVER] ADMIN USER ALREADY EXISTS.]
[2025-05-22 22:07:09]:[INFO] :: [[SERVER] 🚀 SERVER RUNNING ON PORT 3495]
[2025-05-22 22:07:11]:[ERROR] :: [[SERVER] ADMIN USER ALREADY EXISTS.]
[2025-05-22 22:07:11]:[INFO] :: [[SERVER] 🚀 SERVER RUNNING ON PORT 3495]
[2025-05-22 22:07:15]:[ERROR] :: [[SERVER] ADMIN USER ALREADY EXISTS.]
[2025-05-22 22:07:15]:[INFO] :: [[SERVER] 🚀 SERVER RUNNING ON PORT 3495]
[2025-05-22 22:07:19]:[ERROR] :: [[SERVER] ADMIN USER ALREADY EXISTS.]
[2025-05-22 22:07:19]:[INFO] :: [[SERVER] 🚀 SERVER RUNNING ON PORT 3495]
[2025-05-22 22:07:21]:[ERROR] :: [[SERVER] ADMIN USER ALREADY EXISTS.]
[2025-05-22 22:07:21]:[INFO] :: [[SERVER] 🚀 SERVER RUNNING ON PORT 3495]
[2025-05-22 22:07:41]:[ERROR] :: [[SERVER] ADMIN USER ALREADY EXISTS.]
[2025-05-22 22:07:41]:[INFO] :: [[SERVER] 🚀 SERVER RUNNING ON PORT 3495]
[2025-05-22 22:07:46]:[ERROR] :: [[SERVER] ADMIN USER ALREADY EXISTS.]
[2025-05-22 22:07:46]:[INFO] :: [[SERVER] 🚀 SERVER RUNNING ON PORT 3495]
[2025-05-22 22:07:48]:[ERROR] :: [[SERVER] ADMIN USER ALREADY EXISTS.]
[2025-05-22 22:07:48]:[INFO] :: [[SERVER] 🚀 SERVER RUNNING ON PORT 3495]
[2025-05-22 22:11:35]:[ERROR] :: [[SERVER] ADMIN USER ALREADY EXISTS.]
[2025-05-22 22:11:35]:[INFO] :: [[SERVER] 🚀 SERVER RUNNING ON PORT 3495]
[2025-05-22 22:11:43]:[ERROR] :: [[SERVER] ADMIN USER ALREADY EXISTS.]
[2025-05-22 22:11:43]:[INFO] :: [[SERVER] 🚀 SERVER RUNNING ON PORT 3495]
[2025-05-22 22:11:46]:[ERROR] :: [[SERVER] ADMIN USER ALREADY EXISTS.]
[2025-05-22 22:11:46]:[INFO] :: [[SERVER] 🚀 SERVER RUNNING ON PORT 3495]
[2025-05-22 22:11:50]:[ERROR] :: [[SERVER] ADMIN USER ALREADY EXISTS.]
[2025-05-22 22:11:50]:[INFO] :: [[SERVER] 🚀 SERVER RUNNING ON PORT 3495]
[2025-05-22 22:12:00]:[ERROR] :: [[SERVER] ADMIN USER ALREADY EXISTS.]
[2025-05-22 22:12:00]:[INFO] :: [[SERVER] 🚀 SERVER RUNNING ON PORT 3495]
[2025-05-22 22:12:04]:[ERROR] :: [[SERVER] ADMIN USER ALREADY EXISTS.]
[2025-05-22 22:12:04]:[INFO] :: [[SERVER] 🚀 SERVER RUNNING ON PORT 3495]
[2025-05-22 22:12:05]:[ERROR] :: [[SERVER] ADMIN USER ALREADY EXISTS.]
[2025-05-22 22:12:05]:[INFO] :: [[SERVER] 🚀 SERVER RUNNING ON PORT 3495]
[2025-05-22 22:12:07]:[ERROR] :: [[SERVER] ADMIN USER ALREADY EXISTS.]
[2025-05-22 22:12:07]:[INFO] :: [[SERVER] 🚀 SERVER RUNNING ON PORT 3495]
[2025-05-22 22:12:11]:[ERROR] :: [[SERVER] ADMIN USER ALREADY EXISTS.]
[2025-05-22 22:12:11]:[INFO] :: [[SERVER] 🚀 SERVER RUNNING ON PORT 3495]
[2025-05-22 22:12:12]:[ERROR] :: [[SERVER] ADMIN USER ALREADY EXISTS.]
[2025-05-22 22:12:12]:[INFO] :: [[SERVER] 🚀 SERVER RUNNING ON PORT 3495]
[2025-05-22 22:12:14]:[ERROR] :: [[SERVER] ADMIN USER ALREADY EXISTS.]
[2025-05-22 22:12:14]:[INFO] :: [[SERVER] 🚀 SERVER RUNNING ON PORT 3495]
[2025-05-22 22:12:16]:[ERROR] :: [[SERVER] ADMIN USER ALREADY EXISTS.]
[2025-05-22 22:12:16]:[INFO] :: [[SERVER] 🚀 SERVER RUNNING ON PORT 3495]
[2025-05-22 22:12:22]:[ERROR] :: [[SERVER] ADMIN USER ALREADY EXISTS.]
[2025-05-22 22:12:22]:[INFO] :: [[SERVER] 🚀 SERVER RUNNING ON PORT 3495]
[2025-05-22 22:12:25]:[ERROR] :: [[SERVER] ADMIN USER ALREADY EXISTS.]
[2025-05-22 22:12:25]:[INFO] :: [[SERVER] 🚀 SERVER RUNNING ON PORT 3495]
[2025-05-22 22:12:31]:[ERROR] :: [[SERVER] ADMIN USER ALREADY EXISTS.]
[2025-05-22 22:12:31]:[INFO] :: [[SERVER] 🚀 SERVER RUNNING ON PORT 3495]
[2025-05-22 22:12:39]:[ERROR] :: [[SERVER] ADMIN USER ALREADY EXISTS.]
[2025-05-22 22:12:39]:[INFO] :: [[SERVER] 🚀 SERVER RUNNING ON PORT 3495]
[2025-05-22 22:12:41]:[ERROR] :: [[SERVER] ADMIN USER ALREADY EXISTS.]
[2025-05-22 22:12:41]:[INFO] :: [[SERVER] 🚀 SERVER RUNNING ON PORT 3495]
[2025-05-22 22:12:43]:[ERROR] :: [[SERVER] ADMIN USER ALREADY EXISTS.]
[2025-05-22 22:12:43]:[INFO] :: [[SERVER] 🚀 SERVER RUNNING ON PORT 3495]
[2025-05-22 22:12:49]:[ERROR] :: [[SERVER] ADMIN USER ALREADY EXISTS.]
[2025-05-22 22:12:49]:[INFO] :: [[SERVER] 🚀 SERVER RUNNING ON PORT 3495]
[2025-05-22 22:12:51]:[ERROR] :: [[SERVER] ADMIN USER ALREADY EXISTS.]
[2025-05-22 22:12:51]:[INFO] :: [[SERVER] 🚀 SERVER RUNNING ON PORT 3495]
[2025-05-22 22:12:52]:[ERROR] :: [[SERVER] ADMIN USER ALREADY EXISTS.]
[2025-05-22 22:12:52]:[INFO] :: [[SERVER] 🚀 SERVER RUNNING ON PORT 3495]
[2025-05-22 22:12:54]:[ERROR] :: [[SERVER] ADMIN USER ALREADY EXISTS.]
[2025-05-22 22:12:54]:[INFO] :: [[SERVER] 🚀 SERVER RUNNING ON PORT 3495]
[2025-05-22 22:12:58]:[ERROR] :: [[SERVER] ADMIN USER ALREADY EXISTS.]
[2025-05-22 22:12:58]:[INFO] :: [[SERVER] 🚀 SERVER RUNNING ON PORT 3495]
[2025-05-22 22:13:04]:[ERROR] :: [[SERVER] ADMIN USER ALREADY EXISTS.]
[2025-05-22 22:13:04]:[INFO] :: [[SERVER] 🚀 SERVER RUNNING ON PORT 3495]
[2025-05-22 22:13:12]:[ERROR] :: [[SERVER] ADMIN USER ALREADY EXISTS.]
[2025-05-22 22:13:12]:[INFO] :: [[SERVER] 🚀 SERVER RUNNING ON PORT 3495]
[2025-05-22 22:13:21]:[ERROR] :: [[SERVER] ADMIN USER ALREADY EXISTS.]
[2025-05-22 22:13:21]:[INFO] :: [[SERVER] 🚀 SERVER RUNNING ON PORT 3495]
[2025-05-22 22:13:22]:[ERROR] :: [[SERVER] ADMIN USER ALREADY EXISTS.]
[2025-05-22 22:13:22]:[INFO] :: [[SERVER] 🚀 SERVER RUNNING ON PORT 3495]
[2025-05-22 22:13:25]:[ERROR] :: [[SERVER] ADMIN USER ALREADY EXISTS.]
[2025-05-22 22:13:25]:[INFO] :: [[SERVER] 🚀 SERVER RUNNING ON PORT 3495]
[2025-05-22 22:13:26]:[ERROR] :: [[SERVER] ADMIN USER ALREADY EXISTS.]
[2025-05-22 22:13:26]:[INFO] :: [[SERVER] 🚀 SERVER RUNNING ON PORT 3495]
[2025-05-22 22:13:28]:[ERROR] :: [[SERVER] ADMIN USER ALREADY EXISTS.]
[2025-05-22 22:13:28]:[INFO] :: [[SERVER] 🚀 SERVER RUNNING ON PORT 3495]
[2025-05-22 22:13:30]:[ERROR] :: [[SERVER] ADMIN USER ALREADY EXISTS.]
[2025-05-22 22:13:30]:[INFO] :: [[SERVER] 🚀 SERVER RUNNING ON PORT 3495]
[2025-05-22 22:13:37]:[ERROR] :: [[SERVER] ADMIN USER ALREADY EXISTS.]
[2025-05-22 22:13:37]:[INFO] :: [[SERVER] 🚀 SERVER RUNNING ON PORT 3495]
[2025-05-22 22:13:40]:[ERROR] :: [[SERVER] ADMIN USER ALREADY EXISTS.]
[2025-05-22 22:13:40]:[INFO] :: [[SERVER] 🚀 SERVER RUNNING ON PORT 3495]
[2025-05-22 22:13:45]:[ERROR] :: [[SERVER] ADMIN USER ALREADY EXISTS.]
[2025-05-22 22:13:45]:[INFO] :: [[SERVER] 🚀 SERVER RUNNING ON PORT 3495]
[2025-05-22 22:13:47]:[ERROR] :: [[SERVER] ADMIN USER ALREADY EXISTS.]
[2025-05-22 22:13:47]:[INFO] :: [[SERVER] 🚀 SERVER RUNNING ON PORT 3495]
[2025-05-22 22:14:11]:[ERROR] :: [[SERVER] ADMIN USER ALREADY EXISTS.]
[2025-05-22 22:14:11]:[INFO] :: [[SERVER] 🚀 SERVER RUNNING ON PORT 3495]
[2025-05-22 22:14:15]:[ERROR] :: [[SERVER] ADMIN USER ALREADY EXISTS.]
[2025-05-22 22:14:15]:[INFO] :: [[SERVER] 🚀 SERVER RUNNING ON PORT 3495]
[2025-05-22 22:17:39]:[ERROR] :: [[SERVER] ADMIN USER ALREADY EXISTS.]
[2025-05-22 22:17:39]:[INFO] :: [[SERVER] 🚀 SERVER RUNNING ON PORT 3495]
[2025-05-22 22:17:54]:[ERROR] :: [[SERVER] ADMIN USER ALREADY EXISTS.]
[2025-05-22 22:17:54]:[INFO] :: [[SERVER] 🚀 SERVER RUNNING ON PORT 3495]
[2025-05-22 22:17:56]:[ERROR] :: [[SERVER] ADMIN USER ALREADY EXISTS.]
[2025-05-22 22:17:56]:[INFO] :: [[SERVER] 🚀 SERVER RUNNING ON PORT 3495]
[2025-05-22 22:18:06]:[ERROR] :: [[SERVER] ADMIN USER ALREADY EXISTS.]
[2025-05-22 22:18:06]:[INFO] :: [[SERVER] 🚀 SERVER RUNNING ON PORT 3495]
[2025-05-22 22:18:08]:[ERROR] :: [[SERVER] ADMIN USER ALREADY EXISTS.]
[2025-05-22 22:18:08]:[INFO] :: [[SERVER] 🚀 SERVER RUNNING ON PORT 3495]
[2025-05-22 22:18:09]:[ERROR] :: [[SERVER] ADMIN USER ALREADY EXISTS.]
[2025-05-22 22:18:09]:[INFO] :: [[SERVER] 🚀 SERVER RUNNING ON PORT 3495]
[2025-05-22 22:18:16]:[ERROR] :: [[SERVER] ADMIN USER ALREADY EXISTS.]
[2025-05-22 22:18:16]:[INFO] :: [[SERVER] 🚀 SERVER RUNNING ON PORT 3495]
[2025-05-22 22:18:17]:[ERROR] :: [[SERVER] ADMIN USER ALREADY EXISTS.]
[2025-05-22 22:18:17]:[INFO] :: [[SERVER] 🚀 SERVER RUNNING ON PORT 3495]
[2025-05-22 22:18:20]:[ERROR] :: [[SERVER] ADMIN USER ALREADY EXISTS.]
[2025-05-22 22:18:20]:[INFO] :: [[SERVER] 🚀 SERVER RUNNING ON PORT 3495]
[2025-05-22 22:18:26]:[ERROR] :: [[SERVER] ADMIN USER ALREADY EXISTS.]
[2025-05-22 22:18:26]:[INFO] :: [[SERVER] 🚀 SERVER RUNNING ON PORT 3495]
[2025-05-22 22:18:28]:[ERROR] :: [[SERVER] ADMIN USER ALREADY EXISTS.]
[2025-05-22 22:18:28]:[INFO] :: [[SERVER] 🚀 SERVER RUNNING ON PORT 3495]
[2025-05-22 22:18:41]:[ERROR] :: [[SERVER] ADMIN USER ALREADY EXISTS.]
[2025-05-22 22:18:41]:[INFO] :: [[SERVER] 🚀 SERVER RUNNING ON PORT 3495]
[2025-05-22 22:18:43]:[ERROR] :: [[SERVER] ADMIN USER ALREADY EXISTS.]
[2025-05-22 22:18:43]:[INFO] :: [[SERVER] 🚀 SERVER RUNNING ON PORT 3495]
[2025-05-22 22:18:46]:[ERROR] :: [[SERVER] ADMIN USER ALREADY EXISTS.]
[2025-05-22 22:18:46]:[INFO] :: [[SERVER] 🚀 SERVER RUNNING ON PORT 3495]
[2025-05-22 22:18:48]:[ERROR] :: [[SERVER] ADMIN USER ALREADY EXISTS.]
[2025-05-22 22:18:48]:[INFO] :: [[SERVER] 🚀 SERVER RUNNING ON PORT 3495]
[2025-05-22 22:18:50]:[ERROR] :: [[SERVER] ADMIN USER ALREADY EXISTS.]
[2025-05-22 22:18:50]:[INFO] :: [[SERVER] 🚀 SERVER RUNNING ON PORT 3495]
[2025-05-22 22:18:51]:[ERROR] :: [[SERVER] ADMIN USER ALREADY EXISTS.]
[2025-05-22 22:18:51]:[INFO] :: [[SERVER] 🚀 SERVER RUNNING ON PORT 3495]
[2025-05-22 22:18:56]:[ERROR] :: [[SERVER] ADMIN USER ALREADY EXISTS.]
[2025-05-22 22:18:56]:[INFO] :: [[SERVER] 🚀 SERVER RUNNING ON PORT 3495]
[2025-05-22 22:19:03]:[ERROR] :: [[SERVER] ADMIN USER ALREADY EXISTS.]
[2025-05-22 22:19:03]:[INFO] :: [[SERVER] 🚀 SERVER RUNNING ON PORT 3495]
[2025-05-22 22:19:12]:[ERROR] :: [[SERVER] ADMIN USER ALREADY EXISTS.]
[2025-05-22 22:19:12]:[INFO] :: [[SERVER] 🚀 SERVER RUNNING ON PORT 3495]
[2025-05-22 22:19:13]:[ERROR] :: [[SERVER] ADMIN USER ALREADY EXISTS.]
[2025-05-22 22:19:13]:[INFO] :: [[SERVER] 🚀 SERVER RUNNING ON PORT 3495]
[2025-05-22 22:19:16]:[ERROR] :: [[SERVER] ADMIN USER ALREADY EXISTS.]
[2025-05-22 22:19:16]:[INFO] :: [[SERVER] 🚀 SERVER RUNNING ON PORT 3495]
[2025-05-22 22:19:28]:[ERROR] :: [[SERVER] ADMIN USER ALREADY EXISTS.]
[2025-05-22 22:19:28]:[INFO] :: [[SERVER] 🚀 SERVER RUNNING ON PORT 3495]
[2025-05-22 22:19:31]:[ERROR] :: [[SERVER] ADMIN USER ALREADY EXISTS.]
[2025-05-22 22:19:31]:[INFO] :: [[SERVER] 🚀 SERVER RUNNING ON PORT 3495]
[2025-05-22 22:19:33]:[ERROR] :: [[SERVER] ADMIN USER ALREADY EXISTS.]
[2025-05-22 22:19:33]:[INFO] :: [[SERVER] 🚀 SERVER RUNNING ON PORT 3495]
[2025-05-22 22:19:35]:[ERROR] :: [[SERVER] ADMIN USER ALREADY EXISTS.]
[2025-05-22 22:19:35]:[INFO] :: [[SERVER] 🚀 SERVER RUNNING ON PORT 3495]
[2025-05-22 22:19:37]:[ERROR] :: [[SERVER] ADMIN USER ALREADY EXISTS.]
[2025-05-22 22:19:37]:[INFO] :: [[SERVER] 🚀 SERVER RUNNING ON PORT 3495]
[2025-05-22 22:19:45]:[ERROR] :: [[SERVER] ADMIN USER ALREADY EXISTS.]
[2025-05-22 22:19:45]:[INFO] :: [[SERVER] 🚀 SERVER RUNNING ON PORT 3495]
[2025-05-22 22:19:51]:[ERROR] :: [[SERVER] ADMIN USER ALREADY EXISTS.]
[2025-05-22 22:19:51]:[INFO] :: [[SERVER] 🚀 SERVER RUNNING ON PORT 3495]
[2025-05-22 22:20:15]:[ERROR] :: [[SERVER] ADMIN USER ALREADY EXISTS.]
[2025-05-22 22:20:15]:[INFO] :: [[SERVER] 🚀 SERVER RUNNING ON PORT 3495]
[2025-05-22 22:20:39]:[ERROR] :: [[SERVER] ADMIN USER ALREADY EXISTS.]
[2025-05-22 22:20:39]:[INFO] :: [[SERVER] 🚀 SERVER RUNNING ON PORT 3495]
[2025-05-22 22:20:48]:[ERROR] :: [[SERVER] ADMIN USER ALREADY EXISTS.]
[2025-05-22 22:20:48]:[INFO] :: [[SERVER] 🚀 SERVER RUNNING ON PORT 3495]
[2025-05-22 22:20:53]:[ERROR] :: [[SERVER] ADMIN USER ALREADY EXISTS.]
[2025-05-22 22:20:53]:[INFO] :: [[SERVER] 🚀 SERVER RUNNING ON PORT 3495]
[2025-05-22 22:21:01]:[ERROR] :: [[SERVER] ADMIN USER ALREADY EXISTS.]
[2025-05-22 22:21:01]:[INFO] :: [[SERVER] 🚀 SERVER RUNNING ON PORT 3495]
[2025-05-22 22:21:04]:[ERROR] :: [[SERVER] ADMIN USER ALREADY EXISTS.]
[2025-05-22 22:21:04]:[INFO] :: [[SERVER] 🚀 SERVER RUNNING ON PORT 3495]
[2025-05-22 22:21:09]:[ERROR] :: [[SERVER] ADMIN USER ALREADY EXISTS.]
[2025-05-22 22:21:09]:[INFO] :: [[SERVER] 🚀 SERVER RUNNING ON PORT 3495]
[2025-05-22 22:21:13]:[ERROR] :: [[SERVER] ADMIN USER ALREADY EXISTS.]
[2025-05-22 22:21:13]:[INFO] :: [[SERVER] 🚀 SERVER RUNNING ON PORT 3495]
[2025-05-22 22:21:16]:[ERROR] :: [[SERVER] ADMIN USER ALREADY EXISTS.]
[2025-05-22 22:21:16]:[INFO] :: [[SERVER] 🚀 SERVER RUNNING ON PORT 3495]
[2025-05-22 22:21:18]:[ERROR] :: [[SERVER] ADMIN USER ALREADY EXISTS.]
[2025-05-22 22:21:18]:[INFO] :: [[SERVER] 🚀 SERVER RUNNING ON PORT 3495]
[2025-05-22 22:21:23]:[ERROR] :: [[SERVER] ADMIN USER ALREADY EXISTS.]
[2025-05-22 22:21:23]:[INFO] :: [[SERVER] 🚀 SERVER RUNNING ON PORT 3495]
[2025-05-22 22:21:36]:[ERROR] :: [[SERVER] ADMIN USER ALREADY EXISTS.]
[2025-05-22 22:21:36]:[INFO] :: [[SERVER] 🚀 SERVER RUNNING ON PORT 3495]
[2025-05-22 22:21:39]:[ERROR] :: [[SERVER] ADMIN USER ALREADY EXISTS.]
[2025-05-22 22:21:39]:[INFO] :: [[SERVER] 🚀 SERVER RUNNING ON PORT 3495]
[2025-05-22 22:21:41]:[ERROR] :: [[SERVER] ADMIN USER ALREADY EXISTS.]
[2025-05-22 22:21:41]:[INFO] :: [[SERVER] 🚀 SERVER RUNNING ON PORT 3495]
[2025-05-22 22:21:51]:[ERROR] :: [[SERVER] ADMIN USER ALREADY EXISTS.]
[2025-05-22 22:21:51]:[INFO] :: [[SERVER] 🚀 SERVER RUNNING ON PORT 3495]
[2025-05-22 22:21:55]:[ERROR] :: [[SERVER] ADMIN USER ALREADY EXISTS.]
[2025-05-22 22:21:55]:[INFO] :: [[SERVER] 🚀 SERVER RUNNING ON PORT 3495]
[2025-05-22 22:22:01]:[ERROR] :: [[SERVER] ADMIN USER ALREADY EXISTS.]
[2025-05-22 22:22:01]:[INFO] :: [[SERVER] 🚀 SERVER RUNNING ON PORT 3495]
[2025-05-22 22:22:20]:[ERROR] :: [[SERVER] ADMIN USER ALREADY EXISTS.]
[2025-05-22 22:22:20]:[INFO] :: [[SERVER] 🚀 SERVER RUNNING ON PORT 3495]
[2025-05-22 22:22:34]:[ERROR] :: [[SERVER] ADMIN USER ALREADY EXISTS.]
[2025-05-22 22:22:34]:[INFO] :: [[SERVER] 🚀 SERVER RUNNING ON PORT 3495]
[2025-05-22 22:22:36]:[ERROR] :: [[SERVER] ADMIN USER ALREADY EXISTS.]
[2025-05-22 22:22:36]:[INFO] :: [[SERVER] 🚀 SERVER RUNNING ON PORT 3495]
[2025-05-22 22:22:39]:[ERROR] :: [[SERVER] ADMIN USER ALREADY EXISTS.]
[2025-05-22 22:22:39]:[INFO] :: [[SERVER] 🚀 SERVER RUNNING ON PORT 3495]
[2025-05-22 22:24:48]:[WARN] :: [[BCRYPT] ERROR AL COMPARAR LAS CONTRASEÑA!!!]
[2025-05-22 22:24:48]:[WARN] :: [[AUTH] CORREO O PASSWORD ERRONEA!!!!]
[2025-05-22 22:26:35]:[INFO] :: [[SERVER] ADMIN USER CREATED SUCCESSFULLY!]
[2025-05-22 22:26:35]:[INFO] :: [[SERVER] 🚀 SERVER RUNNING ON PORT 3495]
[2025-05-22 22:27:17]:[ERROR] :: [[SERVER] ADMIN USER ALREADY EXISTS.]
[2025-05-22 22:27:17]:[INFO] :: [[SERVER] 🚀 SERVER RUNNING ON PORT 3495]
[2025-05-22 22:27:19]:[ERROR] :: [[SERVER] ADMIN USER ALREADY EXISTS.]
[2025-05-22 22:27:19]:[INFO] :: [[SERVER] 🚀 SERVER RUNNING ON PORT 3495]
[2025-05-22 22:27:23]:[ERROR] :: [[SERVER] ADMIN USER ALREADY EXISTS.]
[2025-05-22 22:27:23]:[INFO] :: [[SERVER] 🚀 SERVER RUNNING ON PORT 3495]
[2025-05-22 22:27:30]:[ERROR] :: [[SERVER] ADMIN USER ALREADY EXISTS.]
[2025-05-22 22:27:30]:[INFO] :: [[SERVER] 🚀 SERVER RUNNING ON PORT 3495]
[2025-05-22 22:27:31]:[ERROR] :: [[SERVER] ADMIN USER ALREADY EXISTS.]
[2025-05-22 22:27:31]:[INFO] :: [[SERVER] 🚀 SERVER RUNNING ON PORT 3495]
[2025-05-22 22:27:36]:[ERROR] :: [[SERVER] ADMIN USER ALREADY EXISTS.]
[2025-05-22 22:27:36]:[INFO] :: [[SERVER] 🚀 SERVER RUNNING ON PORT 3495]
[2025-05-22 22:27:39]:[ERROR] :: [[SERVER] ADMIN USER ALREADY EXISTS.]
[2025-05-22 22:27:39]:[INFO] :: [[SERVER] 🚀 SERVER RUNNING ON PORT 3495]
[2025-05-22 22:27:53]:[ERROR] :: [[SERVER] ADMIN USER ALREADY EXISTS.]
[2025-05-22 22:27:53]:[INFO] :: [[SERVER] 🚀 SERVER RUNNING ON PORT 3495]
[2025-05-22 22:28:28]:[WARN] :: [[BCRYPT] ERROR AL COMPARAR LAS CONTRASEÑA!!!]
[2025-05-22 22:28:28]:[WARN] :: [[AUTH] CORREO O PASSWORD ERRONEA!!!!]
[2025-05-22 22:28:33]:[WARN] :: [[BCRYPT] ERROR AL COMPARAR LAS CONTRASEÑA!!!]
[2025-05-22 22:28:33]:[WARN] :: [[AUTH] CORREO O PASSWORD ERRONEA!!!!]
[2025-05-22 22:28:47]:[ERROR] :: [[SERVER] ADMIN USER ALREADY EXISTS.]
[2025-05-22 22:28:47]:[INFO] :: [[SERVER] 🚀 SERVER RUNNING ON PORT 3495]
[2025-05-22 22:28:53]:[ERROR] :: [[SERVER] ADMIN USER ALREADY EXISTS.]
[2025-05-22 22:28:53]:[INFO] :: [[SERVER] 🚀 SERVER RUNNING ON PORT 3495]
[2025-05-22 22:28:55]:[ERROR] :: [[SERVER] ADMIN USER ALREADY EXISTS.]
[2025-05-22 22:28:55]:[INFO] :: [[SERVER] 🚀 SERVER RUNNING ON PORT 3495]
[2025-05-22 22:28:58]:[ERROR] :: [[SERVER] ADMIN USER ALREADY EXISTS.]
[2025-05-22 22:28:58]:[INFO] :: [[SERVER] 🚀 SERVER RUNNING ON PORT 3495]
[2025-05-22 22:29:07]:[ERROR] :: [[SERVER] ADMIN USER ALREADY EXISTS.]
[2025-05-22 22:29:07]:[INFO] :: [[SERVER] 🚀 SERVER RUNNING ON PORT 3495]
[2025-05-22 22:29:26]:[ERROR] :: [[SERVER] ADMIN USER ALREADY EXISTS.]
[2025-05-22 22:29:26]:[INFO] :: [[SERVER] 🚀 SERVER RUNNING ON PORT 3495]
[2025-05-22 22:29:56]:[ERROR] :: [[SERVER] ADMIN USER ALREADY EXISTS.]
[2025-05-22 22:29:56]:[INFO] :: [[SERVER] 🚀 SERVER RUNNING ON PORT 3495]
[2025-05-22 22:30:00]:[ERROR] :: [[SERVER] ADMIN USER ALREADY EXISTS.]
[2025-05-22 22:30:00]:[INFO] :: [[SERVER] 🚀 SERVER RUNNING ON PORT 3495]
[2025-05-22 22:30:04]:[WARN] :: [[BCRYPT] ERROR AL COMPARAR LAS CONTRASEÑA!!!]
[2025-05-22 22:30:04]:[WARN] :: [[AUTH] CORREO O PASSWORD ERRONEA!!!!]
[2025-05-22 22:31:18]:[ERROR] :: [[SERVER] ADMIN USER ALREADY EXISTS.]
[2025-05-22 22:31:18]:[INFO] :: [[SERVER] 🚀 SERVER RUNNING ON PORT 3495]
[2025-05-22 22:31:24]:[ERROR] :: [[SERVER] ADMIN USER ALREADY EXISTS.]
[2025-05-22 22:31:24]:[INFO] :: [[SERVER] 🚀 SERVER RUNNING ON PORT 3495]
[2025-05-22 22:31:30]:[ERROR] :: [[SERVER] ADMIN USER ALREADY EXISTS.]
[2025-05-22 22:31:30]:[INFO] :: [[SERVER] 🚀 SERVER RUNNING ON PORT 3495]
[2025-05-22 22:31:45]:[ERROR] :: [[SERVER] ADMIN USER ALREADY EXISTS.]
[2025-05-22 22:31:45]:[INFO] :: [[SERVER] 🚀 SERVER RUNNING ON PORT 3495]
[2025-05-22 22:31:48]:[ERROR] :: [[SERVER] ADMIN USER ALREADY EXISTS.]
[2025-05-22 22:31:48]:[INFO] :: [[SERVER] 🚀 SERVER RUNNING ON PORT 3495]
[2025-05-22 22:31:51]:[ERROR] :: [[SERVER] ADMIN USER ALREADY EXISTS.]
[2025-05-22 22:31:51]:[INFO] :: [[SERVER] 🚀 SERVER RUNNING ON PORT 3495]
[2025-05-22 22:32:17]:[ERROR] :: [[SERVER] ADMIN USER ALREADY EXISTS.]
[2025-05-22 22:32:17]:[INFO] :: [[SERVER] 🚀 SERVER RUNNING ON PORT 3495]
[2025-05-22 22:32:27]:[ERROR] :: [[SERVER] ADMIN USER ALREADY EXISTS.]
[2025-05-22 22:32:27]:[INFO] :: [[SERVER] 🚀 SERVER RUNNING ON PORT 3495]
[2025-05-22 22:32:34]:[ERROR] :: [[SERVER] ADMIN USER ALREADY EXISTS.]
[2025-05-22 22:32:34]:[INFO] :: [[SERVER] 🚀 SERVER RUNNING ON PORT 3495]
[2025-05-22 22:32:54]:[ERROR] :: [[SERVER] ADMIN USER ALREADY EXISTS.]
[2025-05-22 22:32:54]:[INFO] :: [[SERVER] 🚀 SERVER RUNNING ON PORT 3495]
[2025-05-22 22:32:56]:[ERROR] :: [[SERVER] ADMIN USER ALREADY EXISTS.]
[2025-05-22 22:32:56]:[INFO] :: [[SERVER] 🚀 SERVER RUNNING ON PORT 3495]
[2025-05-22 22:32:58]:[ERROR] :: [[SERVER] ADMIN USER ALREADY EXISTS.]
[2025-05-22 22:32:58]:[INFO] :: [[SERVER] 🚀 SERVER RUNNING ON PORT 3495]
[2025-05-22 22:33:01]:[ERROR] :: [[SERVER] ADMIN USER ALREADY EXISTS.]
[2025-05-22 22:33:01]:[INFO] :: [[SERVER] 🚀 SERVER RUNNING ON PORT 3495]
[2025-05-22 22:33:04]:[ERROR] :: [[SERVER] ADMIN USER ALREADY EXISTS.]
[2025-05-22 22:33:04]:[INFO] :: [[SERVER] 🚀 SERVER RUNNING ON PORT 3495]
[2025-05-22 22:33:05]:[ERROR] :: [[SERVER] ADMIN USER ALREADY EXISTS.]
[2025-05-22 22:33:05]:[INFO] :: [[SERVER] 🚀 SERVER RUNNING ON PORT 3495]
[2025-05-22 22:33:08]:[ERROR] :: [[SERVER] ADMIN USER ALREADY EXISTS.]
[2025-05-22 22:33:08]:[INFO] :: [[SERVER] 🚀 SERVER RUNNING ON PORT 3495]
[2025-05-22 22:33:12]:[ERROR] :: [[SERVER] ADMIN USER ALREADY EXISTS.]
[2025-05-22 22:33:12]:[INFO] :: [[SERVER] 🚀 SERVER RUNNING ON PORT 3495]
[2025-05-22 22:33:32]:[ERROR] :: [[SERVER] ADMIN USER ALREADY EXISTS.]
[2025-05-22 22:33:32]:[INFO] :: [[SERVER] 🚀 SERVER RUNNING ON PORT 3495]
[2025-05-22 22:33:33]:[ERROR] :: [[SERVER] ADMIN USER ALREADY EXISTS.]
[2025-05-22 22:33:33]:[INFO] :: [[SERVER] 🚀 SERVER RUNNING ON PORT 3495]
[2025-05-22 22:34:00]:[INFO] :: [[BCRYPT] ENCRIPTACION DE PASSWORD EXITOSA!!!!]
[2025-05-22 22:34:00]:[INFO] :: [[SERVER] ADMIN USER CREATED SUCCESSFULLY!]
[2025-05-22 22:34:00]:[INFO] :: [[SERVER] 🚀 SERVER RUNNING ON PORT 3495]
[2025-05-22 22:34:32]:[WARN] :: [[BCRYPT] ERROR AL COMPARAR LAS CONTRASEÑA!!!]
[2025-05-22 22:34:32]:[WARN] :: [[AUTH] CORREO O PASSWORD ERRONEA!!!!]
[2025-05-22 22:34:34]:[WARN] :: [[BCRYPT] ERROR AL COMPARAR LAS CONTRASEÑA!!!]
[2025-05-22 22:34:34]:[WARN] :: [[AUTH] CORREO O PASSWORD ERRONEA!!!!]
[2025-05-22 22:34:35]:[WARN] :: [[BCRYPT] ERROR AL COMPARAR LAS CONTRASEÑA!!!]
[2025-05-22 22:34:35]:[WARN] :: [[AUTH] CORREO O PASSWORD ERRONEA!!!!]
[2025-05-22 22:34:36]:[WARN] :: [[BCRYPT] ERROR AL COMPARAR LAS CONTRASEÑA!!!]
[2025-05-22 22:34:36]:[WARN] :: [[AUTH] CORREO O PASSWORD ERRONEA!!!!]
[2025-05-22 22:34:36]:[WARN] :: [[BCRYPT] ERROR AL COMPARAR LAS CONTRASEÑA!!!]
[2025-05-22 22:34:36]:[WARN] :: [[AUTH] CORREO O PASSWORD ERRONEA!!!!]
[2025-05-22 22:35:01]:[ERROR] :: [[SERVER] ADMIN USER ALREADY EXISTS.]
[2025-05-22 22:35:01]:[INFO] :: [[SERVER] 🚀 SERVER RUNNING ON PORT 3495]
[2025-05-22 22:35:05]:[ERROR] :: [[SERVER] ADMIN USER ALREADY EXISTS.]
[2025-05-22 22:35:05]:[INFO] :: [[SERVER] 🚀 SERVER RUNNING ON PORT 3495]
[2025-05-22 22:35:07]:[ERROR] :: [[SERVER] ADMIN USER ALREADY EXISTS.]
[2025-05-22 22:35:07]:[INFO] :: [[SERVER] 🚀 SERVER RUNNING ON PORT 3495]
[2025-05-22 22:37:04]:[INFO] :: [[BCRYPT] ENCRIPTACION DE PASSWORD EXITOSA!!!!]
[2025-05-22 22:37:04]:[INFO] :: [[SERVER] ADMIN USER CREATED SUCCESSFULLY!]
[2025-05-22 22:37:04]:[INFO] :: [[SERVER] 🚀 SERVER RUNNING ON PORT 3495]
[2025-05-22 22:37:15]:[INFO] :: [[BCRYPT] ENCRIPTACION DE PASSWORD EXITOSA!!!!]
[2025-05-22 22:37:15]:[INFO] :: [TOKEN CREADO!!!]
[2025-05-22 22:37:15]:[INFO] :: [LOGUEADO CORRECTAMENTE!!!]
